Archive member included because of file (symbol)

c:/programmi/atmel/avr studio 5.1/extensions/atmel/avrgcc/3.3.1.27/avrtoolchain/bin/../lib/gcc/avr/4.5.1/avr4\libgcc.a(_mulsi3.o)
                              cl-osd.o (__mulsi3)
c:/programmi/atmel/avr studio 5.1/extensions/atmel/avrgcc/3.3.1.27/avrtoolchain/bin/../lib/gcc/avr/4.5.1/avr4\libgcc.a(_udivmodqi4.o)
                              cl-osd.o (__udivmodqi4)
c:/programmi/atmel/avr studio 5.1/extensions/atmel/avrgcc/3.3.1.27/avrtoolchain/bin/../lib/gcc/avr/4.5.1/avr4\libgcc.a(_divmodqi4.o)
                              cl-osd.o (__divmodqi4)
c:/programmi/atmel/avr studio 5.1/extensions/atmel/avrgcc/3.3.1.27/avrtoolchain/bin/../lib/gcc/avr/4.5.1/avr4\libgcc.a(_udivmodhi4.o)
                              cl-osd.o (__udivmodhi4)
c:/programmi/atmel/avr studio 5.1/extensions/atmel/avrgcc/3.3.1.27/avrtoolchain/bin/../lib/gcc/avr/4.5.1/avr4\libgcc.a(_divmodhi4.o)
                              cl-osd.o (__divmodhi4)
c:/programmi/atmel/avr studio 5.1/extensions/atmel/avrgcc/3.3.1.27/avrtoolchain/bin/../lib/gcc/avr/4.5.1/avr4\libgcc.a(_udivmodsi4.o)
                              cl-osd.o (__udivmodsi4)
c:/programmi/atmel/avr studio 5.1/extensions/atmel/avrgcc/3.3.1.27/avrtoolchain/bin/../lib/gcc/avr/4.5.1/avr4\libgcc.a(_divmodsi4.o)
                              cl-osd.o (__divmodsi4)
c:/programmi/atmel/avr studio 5.1/extensions/atmel/avrgcc/3.3.1.27/avrtoolchain/bin/../lib/gcc/avr/4.5.1/avr4\libgcc.a(_exit.o)
                              c:/programmi/atmel/avr studio 5.1/extensions/atmel/avrgcc/3.3.1.27/avrtoolchain/bin/../lib/gcc/avr/4.5.1/../../../../avr/lib/avr4/crtm88pa.o (exit)
c:/programmi/atmel/avr studio 5.1/extensions/atmel/avrgcc/3.3.1.27/avrtoolchain/bin/../lib/gcc/avr/4.5.1/avr4\libgcc.a(_copy_data.o)
                              cl-osd.o (__do_copy_data)
c:/programmi/atmel/avr studio 5.1/extensions/atmel/avrgcc/3.3.1.27/avrtoolchain/bin/../lib/gcc/avr/4.5.1/avr4\libgcc.a(_clear_bss.o)
                              cl-osd.o (__do_clear_bss)
c:/programmi/atmel/avr studio 5.1/extensions/atmel/avrgcc/3.3.1.27/avrtoolchain/bin/../lib/gcc/avr/4.5.1/../../../../avr/lib/avr4\libc.a(strncmp.o)
                              cl-osd.o (strncmp)
c:/programmi/atmel/avr studio 5.1/extensions/atmel/avrgcc/3.3.1.27/avrtoolchain/bin/../lib/gcc/avr/4.5.1/../../../../avr/lib/avr4\libc.a(strncpy.o)
                              cl-osd.o (strncpy)
c:/programmi/atmel/avr studio 5.1/extensions/atmel/avrgcc/3.3.1.27/avrtoolchain/bin/../lib/gcc/avr/4.5.1/../../../../avr/lib/avr4\libc.a(eerd_block_atmega88pa.o)
                              cl-osd.o (__eerd_block_m88pa)

Memory Configuration

Name             Origin             Length             Attributes
text             0x00000000         0x00002000         xr
data             0x00800060         0x0000ffa0         rw !x
eeprom           0x00810000         0x00010000         rw !x
fuse             0x00820000         0x00000400         rw !x
lock             0x00830000         0x00000400         rw !x
signature        0x00840000         0x00000400         rw !x
*default*        0x00000000         0xffffffff

Linker script and memory map

Address of section .data set to 0x800100
LOAD c:/programmi/atmel/avr studio 5.1/extensions/atmel/avrgcc/3.3.1.27/avrtoolchain/bin/../lib/gcc/avr/4.5.1/../../../../avr/lib/avr4/crtm88pa.o
LOAD cl-osd.o
LOAD c:/programmi/atmel/avr studio 5.1/extensions/atmel/avrgcc/3.3.1.27/avrtoolchain/bin/../lib/gcc/avr/4.5.1/../../../../avr/lib/avr4\libm.a
                0x00000400                __stack = 0x400
LOAD c:/programmi/atmel/avr studio 5.1/extensions/atmel/avrgcc/3.3.1.27/avrtoolchain/bin/../lib/gcc/avr/4.5.1/avr4\libgcc.a
LOAD c:/programmi/atmel/avr studio 5.1/extensions/atmel/avrgcc/3.3.1.27/avrtoolchain/bin/../lib/gcc/avr/4.5.1/../../../../avr/lib/avr4\libc.a
LOAD c:/programmi/atmel/avr studio 5.1/extensions/atmel/avrgcc/3.3.1.27/avrtoolchain/bin/../lib/gcc/avr/4.5.1/avr4\libgcc.a

.hash
 *(.hash)

.dynsym
 *(.dynsym)

.dynstr
 *(.dynstr)

.gnu.version
 *(.gnu.version)

.gnu.version_d
 *(.gnu.version_d)

.gnu.version_r
 *(.gnu.version_r)

.rel.init
 *(.rel.init)

.rela.init
 *(.rela.init)

.rel.text
 *(.rel.text)
 *(.rel.text.*)
 *(.rel.gnu.linkonce.t*)

.rela.text
 *(.rela.text)
 *(.rela.text.*)
 *(.rela.gnu.linkonce.t*)

.rel.fini
 *(.rel.fini)

.rela.fini
 *(.rela.fini)

.rel.rodata
 *(.rel.rodata)
 *(.rel.rodata.*)
 *(.rel.gnu.linkonce.r*)

.rela.rodata
 *(.rela.rodata)
 *(.rela.rodata.*)
 *(.rela.gnu.linkonce.r*)

.rel.data
 *(.rel.data)
 *(.rel.data.*)
 *(.rel.gnu.linkonce.d*)

.rela.data
 *(.rela.data)
 *(.rela.data.*)
 *(.rela.gnu.linkonce.d*)

.rel.ctors
 *(.rel.ctors)

.rela.ctors
 *(.rela.ctors)

.rel.dtors
 *(.rel.dtors)

.rela.dtors
 *(.rela.dtors)

.rel.got
 *(.rel.got)

.rela.got
 *(.rela.got)

.rel.bss
 *(.rel.bss)

.rela.bss
 *(.rela.bss)

.rel.plt
 *(.rel.plt)

.rela.plt
 *(.rela.plt)

.text           0x00000000     0x1c86
 *(.vectors)
 .vectors       0x00000000       0x34 c:/programmi/atmel/avr studio 5.1/extensions/atmel/avrgcc/3.3.1.27/avrtoolchain/bin/../lib/gcc/avr/4.5.1/../../../../avr/lib/avr4/crtm88pa.o
                0x00000000                __vector_default
                0x00000000                __vectors
 *(.vectors)
 *(.progmem.gcc*)
 *(.progmem*)
 .progmem.data  0x00000034       0x5b cl-osd.o
                0x00000090                . = ALIGN (0x2)
 *fill*         0x0000008f        0x1 00
                0x00000090                __trampolines_start = .
 *(.trampolines)
 .trampolines   0x00000090        0x0 linker stubs
 *(.trampolines*)
                0x00000090                __trampolines_end = .
 *(.jumptables)
 *(.jumptables*)
 *(.lowtext)
 *(.lowtext*)
                0x00000090                __ctors_start = .
 *(.ctors)
                0x00000090                __ctors_end = .
                0x00000090                __dtors_start = .
 *(.dtors)
                0x00000090                __dtors_end = .
 SORT(*)(.ctors)
 SORT(*)(.dtors)
 *(.init0)
 .init0         0x00000090        0x0 c:/programmi/atmel/avr studio 5.1/extensions/atmel/avrgcc/3.3.1.27/avrtoolchain/bin/../lib/gcc/avr/4.5.1/../../../../avr/lib/avr4/crtm88pa.o
                0x00000090                __init
 *(.init0)
 *(.init1)
 *(.init1)
 *(.init2)
 .init2         0x00000090        0xc c:/programmi/atmel/avr studio 5.1/extensions/atmel/avrgcc/3.3.1.27/avrtoolchain/bin/../lib/gcc/avr/4.5.1/../../../../avr/lib/avr4/crtm88pa.o
 *(.init2)
 *(.init3)
 *(.init3)
 *(.init4)
 .init4         0x0000009c       0x16 c:/programmi/atmel/avr studio 5.1/extensions/atmel/avrgcc/3.3.1.27/avrtoolchain/bin/../lib/gcc/avr/4.5.1/avr4\libgcc.a(_copy_data.o)
                0x0000009c                __do_copy_data
 .init4         0x000000b2       0x10 c:/programmi/atmel/avr studio 5.1/extensions/atmel/avrgcc/3.3.1.27/avrtoolchain/bin/../lib/gcc/avr/4.5.1/avr4\libgcc.a(_clear_bss.o)
                0x000000b2                __do_clear_bss
 *(.init4)
 *(.init5)
 *(.init5)
 *(.init6)
 *(.init6)
 *(.init7)
 *(.init7)
 *(.init8)
 *(.init8)
 *(.init9)
 .init9         0x000000c2        0x4 c:/programmi/atmel/avr studio 5.1/extensions/atmel/avrgcc/3.3.1.27/avrtoolchain/bin/../lib/gcc/avr/4.5.1/../../../../avr/lib/avr4/crtm88pa.o
 *(.init9)
 *(.text)
 .text          0x000000c6        0x2 c:/programmi/atmel/avr studio 5.1/extensions/atmel/avrgcc/3.3.1.27/avrtoolchain/bin/../lib/gcc/avr/4.5.1/../../../../avr/lib/avr4/crtm88pa.o
                0x000000c6                __vector_22
                0x000000c6                __vector_24
                0x000000c6                __vector_12
                0x000000c6                __bad_interrupt
                0x000000c6                __vector_6
                0x000000c6                __vector_3
                0x000000c6                __vector_23
                0x000000c6                __vector_25
                0x000000c6                __vector_11
                0x000000c6                __vector_17
                0x000000c6                __vector_19
                0x000000c6                __vector_7
                0x000000c6                __vector_5
                0x000000c6                __vector_4
                0x000000c6                __vector_9
                0x000000c6                __vector_2
                0x000000c6                __vector_21
                0x000000c6                __vector_15
                0x000000c6                __vector_8
                0x000000c6                __vector_14
                0x000000c6                __vector_10
                0x000000c6                __vector_16
                0x000000c6                __vector_18
                0x000000c6                __vector_20
 .text          0x000000c8     0x1a28 cl-osd.o
                0x00000b04                main
                0x0000185c                __vector_1
                0x00001aac                __vector_13
 .text          0x00001af0        0x0 c:/programmi/atmel/avr studio 5.1/extensions/atmel/avrgcc/3.3.1.27/avrtoolchain/bin/../lib/gcc/avr/4.5.1/avr4\libgcc.a(_mulsi3.o)
 .text          0x00001af0        0x0 c:/programmi/atmel/avr studio 5.1/extensions/atmel/avrgcc/3.3.1.27/avrtoolchain/bin/../lib/gcc/avr/4.5.1/avr4\libgcc.a(_udivmodqi4.o)
 .text          0x00001af0        0x0 c:/programmi/atmel/avr studio 5.1/extensions/atmel/avrgcc/3.3.1.27/avrtoolchain/bin/../lib/gcc/avr/4.5.1/avr4\libgcc.a(_divmodqi4.o)
 .text          0x00001af0        0x0 c:/programmi/atmel/avr studio 5.1/extensions/atmel/avrgcc/3.3.1.27/avrtoolchain/bin/../lib/gcc/avr/4.5.1/avr4\libgcc.a(_udivmodhi4.o)
 .text          0x00001af0        0x0 c:/programmi/atmel/avr studio 5.1/extensions/atmel/avrgcc/3.3.1.27/avrtoolchain/bin/../lib/gcc/avr/4.5.1/avr4\libgcc.a(_divmodhi4.o)
 .text          0x00001af0        0x0 c:/programmi/atmel/avr studio 5.1/extensions/atmel/avrgcc/3.3.1.27/avrtoolchain/bin/../lib/gcc/avr/4.5.1/avr4\libgcc.a(_udivmodsi4.o)
 .text          0x00001af0        0x0 c:/programmi/atmel/avr studio 5.1/extensions/atmel/avrgcc/3.3.1.27/avrtoolchain/bin/../lib/gcc/avr/4.5.1/avr4\libgcc.a(_divmodsi4.o)
 .text          0x00001af0        0x0 c:/programmi/atmel/avr studio 5.1/extensions/atmel/avrgcc/3.3.1.27/avrtoolchain/bin/../lib/gcc/avr/4.5.1/avr4\libgcc.a(_exit.o)
 .text          0x00001af0        0x0 c:/programmi/atmel/avr studio 5.1/extensions/atmel/avrgcc/3.3.1.27/avrtoolchain/bin/../lib/gcc/avr/4.5.1/avr4\libgcc.a(_copy_data.o)
 .text          0x00001af0        0x0 c:/programmi/atmel/avr studio 5.1/extensions/atmel/avrgcc/3.3.1.27/avrtoolchain/bin/../lib/gcc/avr/4.5.1/avr4\libgcc.a(_clear_bss.o)
 .text          0x00001af0        0x0 c:/programmi/atmel/avr studio 5.1/extensions/atmel/avrgcc/3.3.1.27/avrtoolchain/bin/../lib/gcc/avr/4.5.1/../../../../avr/lib/avr4\libc.a(strncmp.o)
 .text          0x00001af0        0x0 c:/programmi/atmel/avr studio 5.1/extensions/atmel/avrgcc/3.3.1.27/avrtoolchain/bin/../lib/gcc/avr/4.5.1/../../../../avr/lib/avr4\libc.a(strncpy.o)
 .text          0x00001af0        0x0 c:/programmi/atmel/avr studio 5.1/extensions/atmel/avrgcc/3.3.1.27/avrtoolchain/bin/../lib/gcc/avr/4.5.1/../../../../avr/lib/avr4\libc.a(eerd_block_atmega88pa.o)
                0x00001af0                . = ALIGN (0x2)
 *(.text.*)
 .text.libgcc   0x00001af0       0x3e c:/programmi/atmel/avr studio 5.1/extensions/atmel/avrgcc/3.3.1.27/avrtoolchain/bin/../lib/gcc/avr/4.5.1/avr4\libgcc.a(_mulsi3.o)
                0x00001af0                __mulsi3
 .text.libgcc   0x00001b2e       0x18 c:/programmi/atmel/avr studio 5.1/extensions/atmel/avrgcc/3.3.1.27/avrtoolchain/bin/../lib/gcc/avr/4.5.1/avr4\libgcc.a(_udivmodqi4.o)
                0x00001b2e                __udivmodqi4
 .text.libgcc   0x00001b46       0x1a c:/programmi/atmel/avr studio 5.1/extensions/atmel/avrgcc/3.3.1.27/avrtoolchain/bin/../lib/gcc/avr/4.5.1/avr4\libgcc.a(_divmodqi4.o)
                0x00001b46                __divmodqi4
 .text.libgcc   0x00001b60       0x28 c:/programmi/atmel/avr studio 5.1/extensions/atmel/avrgcc/3.3.1.27/avrtoolchain/bin/../lib/gcc/avr/4.5.1/avr4\libgcc.a(_udivmodhi4.o)
                0x00001b60                __udivmodhi4
 .text.libgcc   0x00001b88       0x26 c:/programmi/atmel/avr studio 5.1/extensions/atmel/avrgcc/3.3.1.27/avrtoolchain/bin/../lib/gcc/avr/4.5.1/avr4\libgcc.a(_divmodhi4.o)
                0x00001b88                _div
                0x00001b88                __divmodhi4
 .text.libgcc   0x00001bae       0x44 c:/programmi/atmel/avr studio 5.1/extensions/atmel/avrgcc/3.3.1.27/avrtoolchain/bin/../lib/gcc/avr/4.5.1/avr4\libgcc.a(_udivmodsi4.o)
                0x00001bae                __udivmodsi4
 .text.libgcc   0x00001bf2       0x36 c:/programmi/atmel/avr studio 5.1/extensions/atmel/avrgcc/3.3.1.27/avrtoolchain/bin/../lib/gcc/avr/4.5.1/avr4\libgcc.a(_divmodsi4.o)
                0x00001bf2                __divmodsi4
 .text.libgcc   0x00001c28        0x0 c:/programmi/atmel/avr studio 5.1/extensions/atmel/avrgcc/3.3.1.27/avrtoolchain/bin/../lib/gcc/avr/4.5.1/avr4\libgcc.a(_exit.o)
 .text.libgcc   0x00001c28        0x0 c:/programmi/atmel/avr studio 5.1/extensions/atmel/avrgcc/3.3.1.27/avrtoolchain/bin/../lib/gcc/avr/4.5.1/avr4\libgcc.a(_copy_data.o)
 .text.libgcc   0x00001c28        0x0 c:/programmi/atmel/avr studio 5.1/extensions/atmel/avrgcc/3.3.1.27/avrtoolchain/bin/../lib/gcc/avr/4.5.1/avr4\libgcc.a(_clear_bss.o)
 .text.avr-libc
                0x00001c28       0x1c c:/programmi/atmel/avr studio 5.1/extensions/atmel/avrgcc/3.3.1.27/avrtoolchain/bin/../lib/gcc/avr/4.5.1/../../../../avr/lib/avr4\libc.a(strncmp.o)
                0x00001c28                strncmp
 .text.avr-libc
                0x00001c44       0x1e c:/programmi/atmel/avr studio 5.1/extensions/atmel/avrgcc/3.3.1.27/avrtoolchain/bin/../lib/gcc/avr/4.5.1/../../../../avr/lib/avr4\libc.a(strncpy.o)
                0x00001c44                strncpy
 .text.avr-libc
                0x00001c62       0x20 c:/programmi/atmel/avr studio 5.1/extensions/atmel/avrgcc/3.3.1.27/avrtoolchain/bin/../lib/gcc/avr/4.5.1/../../../../avr/lib/avr4\libc.a(eerd_block_atmega88pa.o)
                0x00001c62                __eerd_block_m88pa
                0x00001c66                __eerd_blraw_m88pa
                0x00001c82                . = ALIGN (0x2)
 *(.fini9)
 .fini9         0x00001c82        0x0 c:/programmi/atmel/avr studio 5.1/extensions/atmel/avrgcc/3.3.1.27/avrtoolchain/bin/../lib/gcc/avr/4.5.1/avr4\libgcc.a(_exit.o)
                0x00001c82                _exit
                0x00001c82                exit
 *(.fini9)
 *(.fini8)
 *(.fini8)
 *(.fini7)
 *(.fini7)
 *(.fini6)
 *(.fini6)
 *(.fini5)
 *(.fini5)
 *(.fini4)
 *(.fini4)
 *(.fini3)
 *(.fini3)
 *(.fini2)
 *(.fini2)
 *(.fini1)
 *(.fini1)
 *(.fini0)
 .fini0         0x00001c82        0x4 c:/programmi/atmel/avr studio 5.1/extensions/atmel/avrgcc/3.3.1.27/avrtoolchain/bin/../lib/gcc/avr/4.5.1/avr4\libgcc.a(_exit.o)
 *(.fini0)
                0x00001c86                _etext = .

.data           0x00800100       0x8a load address 0x00001c86
                0x00800100                PROVIDE (__data_start, .)
 *(.data)
 .data          0x00800100        0x0 c:/programmi/atmel/avr studio 5.1/extensions/atmel/avrgcc/3.3.1.27/avrtoolchain/bin/../lib/gcc/avr/4.5.1/../../../../avr/lib/avr4/crtm88pa.o
 .data          0x00800100       0x89 cl-osd.o
 .data          0x00800189        0x0 c:/programmi/atmel/avr studio 5.1/extensions/atmel/avrgcc/3.3.1.27/avrtoolchain/bin/../lib/gcc/avr/4.5.1/avr4\libgcc.a(_mulsi3.o)
 .data          0x00800189        0x0 c:/programmi/atmel/avr studio 5.1/extensions/atmel/avrgcc/3.3.1.27/avrtoolchain/bin/../lib/gcc/avr/4.5.1/avr4\libgcc.a(_udivmodqi4.o)
 .data          0x00800189        0x0 c:/programmi/atmel/avr studio 5.1/extensions/atmel/avrgcc/3.3.1.27/avrtoolchain/bin/../lib/gcc/avr/4.5.1/avr4\libgcc.a(_divmodqi4.o)
 .data          0x00800189        0x0 c:/programmi/atmel/avr studio 5.1/extensions/atmel/avrgcc/3.3.1.27/avrtoolchain/bin/../lib/gcc/avr/4.5.1/avr4\libgcc.a(_udivmodhi4.o)
 .data          0x00800189        0x0 c:/programmi/atmel/avr studio 5.1/extensions/atmel/avrgcc/3.3.1.27/avrtoolchain/bin/../lib/gcc/avr/4.5.1/avr4\libgcc.a(_divmodhi4.o)
 .data          0x00800189        0x0 c:/programmi/atmel/avr studio 5.1/extensions/atmel/avrgcc/3.3.1.27/avrtoolchain/bin/../lib/gcc/avr/4.5.1/avr4\libgcc.a(_udivmodsi4.o)
 .data          0x00800189        0x0 c:/programmi/atmel/avr studio 5.1/extensions/atmel/avrgcc/3.3.1.27/avrtoolchain/bin/../lib/gcc/avr/4.5.1/avr4\libgcc.a(_divmodsi4.o)
 .data          0x00800189        0x0 c:/programmi/atmel/avr studio 5.1/extensions/atmel/avrgcc/3.3.1.27/avrtoolchain/bin/../lib/gcc/avr/4.5.1/avr4\libgcc.a(_exit.o)
 .data          0x00800189        0x0 c:/programmi/atmel/avr studio 5.1/extensions/atmel/avrgcc/3.3.1.27/avrtoolchain/bin/../lib/gcc/avr/4.5.1/avr4\libgcc.a(_copy_data.o)
 .data          0x00800189        0x0 c:/programmi/atmel/avr studio 5.1/extensions/atmel/avrgcc/3.3.1.27/avrtoolchain/bin/../lib/gcc/avr/4.5.1/avr4\libgcc.a(_clear_bss.o)
 .data          0x00800189        0x0 c:/programmi/atmel/avr studio 5.1/extensions/atmel/avrgcc/3.3.1.27/avrtoolchain/bin/../lib/gcc/avr/4.5.1/../../../../avr/lib/avr4\libc.a(strncmp.o)
 .data          0x00800189        0x0 c:/programmi/atmel/avr studio 5.1/extensions/atmel/avrgcc/3.3.1.27/avrtoolchain/bin/../lib/gcc/avr/4.5.1/../../../../avr/lib/avr4\libc.a(strncpy.o)
 .data          0x00800189        0x0 c:/programmi/atmel/avr studio 5.1/extensions/atmel/avrgcc/3.3.1.27/avrtoolchain/bin/../lib/gcc/avr/4.5.1/../../../../avr/lib/avr4\libc.a(eerd_block_atmega88pa.o)
 *(.data*)
 *(.rodata)
 *(.rodata*)
 *(.gnu.linkonce.d*)
                0x0080018a                . = ALIGN (0x2)
 *fill*         0x00800189        0x1 00
                0x0080018a                _edata = .
                0x0080018a                PROVIDE (__data_end, .)

.bss            0x0080018a      0x2dc
                0x0080018a                PROVIDE (__bss_start, .)
 *(.bss)
 .bss           0x0080018a        0x0 c:/programmi/atmel/avr studio 5.1/extensions/atmel/avrgcc/3.3.1.27/avrtoolchain/bin/../lib/gcc/avr/4.5.1/../../../../avr/lib/avr4/crtm88pa.o
 .bss           0x0080018a      0x2dc cl-osd.o
 .bss           0x00800466        0x0 c:/programmi/atmel/avr studio 5.1/extensions/atmel/avrgcc/3.3.1.27/avrtoolchain/bin/../lib/gcc/avr/4.5.1/avr4\libgcc.a(_mulsi3.o)
 .bss           0x00800466        0x0 c:/programmi/atmel/avr studio 5.1/extensions/atmel/avrgcc/3.3.1.27/avrtoolchain/bin/../lib/gcc/avr/4.5.1/avr4\libgcc.a(_udivmodqi4.o)
 .bss           0x00800466        0x0 c:/programmi/atmel/avr studio 5.1/extensions/atmel/avrgcc/3.3.1.27/avrtoolchain/bin/../lib/gcc/avr/4.5.1/avr4\libgcc.a(_divmodqi4.o)
 .bss           0x00800466        0x0 c:/programmi/atmel/avr studio 5.1/extensions/atmel/avrgcc/3.3.1.27/avrtoolchain/bin/../lib/gcc/avr/4.5.1/avr4\libgcc.a(_udivmodhi4.o)
 .bss           0x00800466        0x0 c:/programmi/atmel/avr studio 5.1/extensions/atmel/avrgcc/3.3.1.27/avrtoolchain/bin/../lib/gcc/avr/4.5.1/avr4\libgcc.a(_divmodhi4.o)
 .bss           0x00800466        0x0 c:/programmi/atmel/avr studio 5.1/extensions/atmel/avrgcc/3.3.1.27/avrtoolchain/bin/../lib/gcc/avr/4.5.1/avr4\libgcc.a(_udivmodsi4.o)
 .bss           0x00800466        0x0 c:/programmi/atmel/avr studio 5.1/extensions/atmel/avrgcc/3.3.1.27/avrtoolchain/bin/../lib/gcc/avr/4.5.1/avr4\libgcc.a(_divmodsi4.o)
 .bss           0x00800466        0x0 c:/programmi/atmel/avr studio 5.1/extensions/atmel/avrgcc/3.3.1.27/avrtoolchain/bin/../lib/gcc/avr/4.5.1/avr4\libgcc.a(_exit.o)
 .bss           0x00800466        0x0 c:/programmi/atmel/avr studio 5.1/extensions/atmel/avrgcc/3.3.1.27/avrtoolchain/bin/../lib/gcc/avr/4.5.1/avr4\libgcc.a(_copy_data.o)
 .bss           0x00800466        0x0 c:/programmi/atmel/avr studio 5.1/extensions/atmel/avrgcc/3.3.1.27/avrtoolchain/bin/../lib/gcc/avr/4.5.1/avr4\libgcc.a(_clear_bss.o)
 .bss           0x00800466        0x0 c:/programmi/atmel/avr studio 5.1/extensions/atmel/avrgcc/3.3.1.27/avrtoolchain/bin/../lib/gcc/avr/4.5.1/../../../../avr/lib/avr4\libc.a(strncmp.o)
 .bss           0x00800466        0x0 c:/programmi/atmel/avr studio 5.1/extensions/atmel/avrgcc/3.3.1.27/avrtoolchain/bin/../lib/gcc/avr/4.5.1/../../../../avr/lib/avr4\libc.a(strncpy.o)
 .bss           0x00800466        0x0 c:/programmi/atmel/avr studio 5.1/extensions/atmel/avrgcc/3.3.1.27/avrtoolchain/bin/../lib/gcc/avr/4.5.1/../../../../avr/lib/avr4\libc.a(eerd_block_atmega88pa.o)
 *(.bss*)
 *(COMMON)
                0x00800466                PROVIDE (__bss_end, .)
                0x00001c86                __data_load_start = LOADADDR (.data)
                0x00001d10                __data_load_end = (__data_load_start + SIZEOF (.data))

.noinit         0x00800466        0x0
                0x00800466                PROVIDE (__noinit_start, .)
 *(.noinit*)
                0x00800466                PROVIDE (__noinit_end, .)
                0x00800466                _end = .
                0x00800466                PROVIDE (__heap_start, .)

.eeprom         0x00810000      0x200
 *(.eeprom*)
 .eeprom        0x00810000      0x200 cl-osd.o
                0x00810200                __eeprom_end = .

.fuse
 *(.fuse)
 *(.lfuse)
 *(.hfuse)
 *(.efuse)

.lock
 *(.lock*)

.signature
 *(.signature*)

.stab           0x00000000      0x960
 *(.stab)
 .stab          0x00000000      0x6cc c:/programmi/atmel/avr studio 5.1/extensions/atmel/avrgcc/3.3.1.27/avrtoolchain/bin/../lib/gcc/avr/4.5.1/../../../../avr/lib/avr4/crtm88pa.o
 .stab          0x000006cc       0xc0 c:/programmi/atmel/avr studio 5.1/extensions/atmel/avrgcc/3.3.1.27/avrtoolchain/bin/../lib/gcc/avr/4.5.1/../../../../avr/lib/avr4\libc.a(strncmp.o)
                                 0xcc (size before relaxing)
 .stab          0x0000078c       0xcc c:/programmi/atmel/avr studio 5.1/extensions/atmel/avrgcc/3.3.1.27/avrtoolchain/bin/../lib/gcc/avr/4.5.1/../../../../avr/lib/avr4\libc.a(strncpy.o)
                                 0xd8 (size before relaxing)
 .stab          0x00000858      0x108 c:/programmi/atmel/avr studio 5.1/extensions/atmel/avrgcc/3.3.1.27/avrtoolchain/bin/../lib/gcc/avr/4.5.1/../../../../avr/lib/avr4\libc.a(eerd_block_atmega88pa.o)
                                0x114 (size before relaxing)

.stabstr        0x00000000      0x1db
 *(.stabstr)
 .stabstr       0x00000000      0x1db c:/programmi/atmel/avr studio 5.1/extensions/atmel/avrgcc/3.3.1.27/avrtoolchain/bin/../lib/gcc/avr/4.5.1/../../../../avr/lib/avr4/crtm88pa.o

.stab.excl
 *(.stab.excl)

.stab.exclstr
 *(.stab.exclstr)

.stab.index
 *(.stab.index)

.stab.indexstr
 *(.stab.indexstr)

.comment
 *(.comment)

.debug
 *(.debug)

.line
 *(.line)

.debug_srcinfo
 *(.debug_srcinfo)

.debug_sfnames
 *(.debug_sfnames)

.debug_aranges  0x00000000       0x20
 *(.debug_aranges)
 .debug_aranges
                0x00000000       0x20 cl-osd.o

.debug_pubnames
                0x00000000       0x3a
 *(.debug_pubnames)
 .debug_pubnames
                0x00000000       0x3a cl-osd.o

.debug_info     0x00000000     0x1bfb
 *(.debug_info)
 .debug_info    0x00000000     0x1bfb cl-osd.o
 *(.gnu.linkonce.wi.*)

.debug_abbrev   0x00000000      0x362
 *(.debug_abbrev)
 .debug_abbrev  0x00000000      0x362 cl-osd.o

.debug_line     0x00000000     0x188c
 *(.debug_line)
 .debug_line    0x00000000     0x188c cl-osd.o

.debug_frame    0x00000000      0x120
 *(.debug_frame)
 .debug_frame   0x00000000      0x120 cl-osd.o

.debug_str      0x00000000      0x909
 *(.debug_str)
 .debug_str     0x00000000      0x909 cl-osd.o
                                0x959 (size before relaxing)

.debug_loc      0x00000000     0x1ac1
 *(.debug_loc)
 .debug_loc     0x00000000     0x1ac1 cl-osd.o

.debug_macinfo  0x00000000     0xbc52
 *(.debug_macinfo)
 .debug_macinfo
                0x00000000     0xbc52 cl-osd.o
OUTPUT(cl-osd.elf elf32-avr)
LOAD linker stubs

.debug_pubtypes
                0x00000000       0x8f
 .debug_pubtypes
                0x00000000       0x8f cl-osd.o

.debug_ranges   0x00000000      0x120
 .debug_ranges  0x00000000      0x120 cl-osd.o
